PAGE 1 index.html 北京盈创天地科技有限公司 | 专注视频通讯技术研发
PAGE 2 sys-pd/12.html 智能视频分析盒AI-BOX - 北京盈创天地科技有限公司
PAGE 3 sys-pd/26.html 明厨亮灶 - 北京盈创天地科技有限公司
PAGE 4 sys-pd/27.html 遥感解译 - 北京盈创天地科技有限公司
PAGE 5 sys-pd/28.html 铁塔铁路 - 北京盈创天地科技有限公司
PAGE 6 sys-pd/29.html 智慧电网 - 北京盈创天地科技有限公司
PAGE 7 sys-pd/30.html 石油管网 - 北京盈创天地科技有限公司
PAGE 8 sys-pd/24.html 磁盘阵列 - 北京盈创天地科技有限公司
PAGE 9 sys-pd/25.html 高清网络数字矩阵 - 北京盈创天地科技有限公司
PAGE 10 sys-pd/69.html 视频交接班系统 - 北京盈创天地科技有限公司
PAGE 11 sys-pd/70.html 视频会议MCU - 北京盈创天地科技有限公司
PAGE 12 sys-pd/71.html 智能服务器 - 北京盈创天地科技有限公司
PAGE 13 sys-pd/72.html 多媒体会议服务器 - 北京盈创天地科技有限公司
PAGE 14 sys-pd/39.html 模拟电话网关 - 北京盈创天地科技有限公司
PAGE 15 sys-pd/38.html 触摸屏调度台 - 北京盈创天地科技有限公司
PAGE 16 sys-pd/40.html 边界会话控制器 - 北京盈创天地科技有限公司
PAGE 17 sys-pd/41.html 融合通信主机 - 北京盈创天地科技有限公司
PAGE 18 sys-pd/42.html 数字电话网关 - 北京盈创天地科技有限公司
PAGE 19 sys-pd/43.html 媒体会议服务器 - 北京盈创天地科技有限公司
PAGE 20 sys-pd/52.html 智能融合车载调度台 - 北京盈创天地科技有限公司
PAGE 21 sys-pd/49.html 数字防爆对讲机 - 北京盈创天地科技有限公司
PAGE 22 sys-pd/63.html 无线集群对讲系统 - 北京盈创天地科技有限公司
PAGE 23 sys-pd/51.html DR600中继台 - 北京盈创天地科技有限公司
PAGE 24 sys-pd/53.html 移动单兵 - 北京盈创天地科技有限公司
PAGE 25 sys-pd/73.html 自组网防爆终端 - 北京盈创天地科技有限公司
PAGE 26 h-col-103.html 产品_北京盈创天地科技有限公司 | 专注视频通讯技术研发 - 北京盈创天地科技有限公司
PAGE 27 h-col-138.html 北京盈创天地科技有限公司 | 专注视频通讯技术研发 - 北京盈创天地科技有限公司
PAGE 28 h-col-139.html 北京盈创天地科技有限公司 | 专注视频通讯技术研发 - 北京盈创天地科技有限公司
PAGE 29 h-col-140.html 北京盈创天地科技有限公司 | 专注视频通讯技术研发 - 北京盈创天地科技有限公司
PAGE 30 h-col-141.html 北京盈创天地科技有限公司 | 专注视频通讯技术研发 - 北京盈创天地科技有限公司
PAGE 31 h-col-142.html 北京盈创天地科技有限公司 | 专注视频通讯技术研发 - 北京盈创天地科技有限公司
PAGE 32 h-col-137.html 北京盈创天地科技有限公司 | 专注视频通讯技术研发 - 北京盈创天地科技有限公司
PAGE 33 h-col-132.html 新闻中心_北京盈创天地科技有限公司 | 专注视频通讯技术研发 - 北京盈创天地科技有限公司
PAGE 34 h-col-101.html 关于我们_北京盈创天地科技有限公司 | 专注视频通讯技术研发 - 北京盈创天地科技有限公司
PAGE 35 h-col-104.html 解决方案_北京盈创天地科技有限公司 | 专注视频通讯技术研发 - 北京盈创天地科技有限公司
PAGE 36 sys-pd/13.html 中国石油大庆炼化视频专网监控平台 - 北京盈创天地科技有限公司
PAGE 37 sys-pd/15.html 中国石油大庆石化视频专网生产安全视频整合 - 北京盈创天地科技有限公司
PAGE 38 sys-pd/14.html 中国石油大庆石化融合通信系统 - 北京盈创天地科技有限公司
PAGE 39 sys-pd/16.html 中国石油塔里木石化（乙烷制乙烯项目部）融合通信系统 - 北京盈创天地科技有限公司
PAGE 40 sys-nd/57.html 从“看得见”到“叫得应”，特殊作业监管系统与融合通信如何构建秒级闭环 - 北京盈创天地科技有限公司
PAGE 41 sys-nd/56.html 一次投料成功 全流程贯通！盈创天地数智化系统保障塔里木二期乙烯项目顺利投产 - 北京盈创天地科技有限公司
PAGE 42 sys-nd/55.html 三年磨一剑，终成利器！兰州石化特殊作业智能监管系统的持续创新实践 - 北京盈创天地科技有限公司
PAGE 43 sys-nd/54.html 布控球的“火眼金睛”：让作业现场的风险无处遁形 - 北京盈创天地科技有限公司
PAGE 44 sys-nd/53.html 新规落地！AQ 3026-2026 强制实施 - 北京盈创天地科技有限公司
PAGE 45 sys-nd/12.html 盈创天地应急指挥系统，让炼油与化工数字化转型更加智能 - 北京盈创天地科技有限公司
PAGE 46 sys-nd/11.html 展示前沿数智技术，共绘石油石化行业数字化转型新篇章 - 北京盈创天地科技有限公司
PAGE 47 sys-nd/10.html 展会回顾|第四届中国石油石化安全生产与应急管理技术交流大会 - 北京盈创天地科技有限公司
PAGE 48 sys-nd/13.html 我司成功中标呼和浩特石化治安反恐、大庆石化智能巡检等项目 - 北京盈创天地科技有限公司
PAGE 49 sys-nd/26.html 盈创天地智能分析产品获得公安部权威检测报告 - 北京盈创天地科技有限公司
PAGE 50 sys-nd/16.html 2022年6月盈创天地获得CS1级《信息系统建设和服务能力证书》 - 北京盈创天地科技有限公司
PAGE 51 sys-nd/17.html 2021年11月中国石油天然气股份有限公司呼和浩特石化分公司应急管理系统中标 - 北京盈创天地科技有限公司
PAGE 52 sys-nd/18.html 2021年9月中国石油天然气有限公司抚顺石化分公司安保项目中标 - 北京盈创天地科技有限公司
PAGE 53 sys-nd/27.html 2021年9月中国石油天然气股份有限公司乌鲁木齐石化分公司MES2.0数采配套项目中标 - 北京盈创天地科技有限公司
PAGE 54 sys-nd/19.html 2020年7月锦州石化公司工控系统隐患治理项目中标 - 北京盈创天地科技有限公司
PAGE 55 h-col-111.html 北京盈创天地科技有限公司 | 专注视频通讯技术研发 - 北京盈创天地科技有限公司
PAGE 56 h-col-103-page-e24f39e544584c8a.html 产品_北京盈创天地科技有限公司 | 专注视频通讯技术研发 - 北京盈创天地科技有限公司
PAGE 57 h-col-103-page-5857221fbfc94e8a.html 产品_北京盈创天地科技有限公司 | 专注视频通讯技术研发 - 北京盈创天地科技有限公司
PAGE 58 h-col-103-page-b1598d331bcb8689.html 产品_北京盈创天地科技有限公司 | 专注视频通讯技术研发 - 北京盈创天地科技有限公司
PAGE 59 sys-pd/32.html 其他类别 - 北京盈创天地科技有限公司
PAGE 60 sys-pd/37.html 人脸识别 - 北京盈创天地科技有限公司
PAGE 61 sys-pd/35.html 视频结构化 - 北京盈创天地科技有限公司
PAGE 62 sys-pd/31.html 视频图像增强 - 北京盈创天地科技有限公司
PAGE 63 h-col-103-page-f1a90c34ecd33d28.html 产品_北京盈创天地科技有限公司 | 专注视频通讯技术研发 - 北京盈创天地科技有限公司
PAGE 64 h-col-103-page-fbca7fe0ebfbda68.html 产品_北京盈创天地科技有限公司 | 专注视频通讯技术研发 - 北京盈创天地科技有限公司
PAGE 65 sys-pd/48.html 媒体录制服务器 - 北京盈创天地科技有限公司
PAGE 66 h-col-103-page-1a9d43a6d179ea47.html 产品_北京盈创天地科技有限公司 | 专注视频通讯技术研发 - 北京盈创天地科技有限公司
PAGE 67 h-col-103-page-aa87dc790e084193.html 产品_北京盈创天地科技有限公司 | 专注视频通讯技术研发 - 北京盈创天地科技有限公司
PAGE 68 sys-pd/50.html 无线集群对讲系统 - 北京盈创天地科技有限公司
PAGE 69 sys-pd/58.html 人员定位系统 - 北京盈创天地科技有限公司
PAGE 70 sys-pd/55.html 人工智能管理系统 - 北京盈创天地科技有限公司
PAGE 71 sys-pd/62.html 无线宽、窄带自组网系统 - 北京盈创天地科技有限公司
PAGE 72 sys-pd/59.html 智能巡检系统 - 北京盈创天地科技有限公司
PAGE 73 sys-pd/57.html 视频监控联网管理系统 - 北京盈创天地科技有限公司
PAGE 74 h-col-132-page-d4b36275ebeb24c6.html 新闻中心_北京盈创天地科技有限公司 | 专注视频通讯技术研发 - 北京盈创天地科技有限公司
PAGE 75 h-col-132-page-5d90f633f7b5f2a9.html 新闻中心_北京盈创天地科技有限公司 | 专注视频通讯技术研发 - 北京盈创天地科技有限公司
PAGE 76 sys-nd/21.html 《语音融合通信业务发展白皮书》-中国通信企业协会 - 北京盈创天地科技有限公司
PAGE 77 sys-nd/20.html 加快信息脚步 视频通信大屏应用成潮流 - 北京盈创天地科技有限公司
PAGE 78 sys-nd/15.html 视频通信市场拓展智慧城市应用成爆点 - 北京盈创天地科技有限公司
PAGE 79 sys-nd/14.html 高清视频编解码器在视频通信系统中的作用 - 北京盈创天地科技有限公司
PAGE 80 sys-nd/52.html 中国石油大庆石化视频专网生产安全视频整合 - 北京盈创天地科技有限公司
PAGE 81 sys-nd/51.html 中国石油大庆炼化视频专网监控平台 - 北京盈创天地科技有限公司
PAGE 82 sys-nd/50.html 中国石油大庆石化融合通信系统 - 北京盈创天地科技有限公司
PAGE 83 sys-nd/49.html 中国石油塔里木石化（乙烷制乙烯项目部）融合通信系统 - 北京盈创天地科技有限公司
PAGE 84 sys-nd/48.html 中国石油克拉玛依石化 - 北京盈创天地科技有限公司
PAGE 85 sys-nd/47.html 中国石油兰州石化融合通信系统 - 北京盈创天地科技有限公司
PAGE 86 h-col-132-page-5d04ccfbe9c81805.html 新闻中心_北京盈创天地科技有限公司 | 专注视频通讯技术研发 - 北京盈创天地科技有限公司
PAGE 87 sys-pd/56.html 融合通信系统 - 北京盈创天地科技有限公司
PAGE 88 sys-pd/60.html 特殊作业智能监管系统 - 北京盈创天地科技有限公司
PAGE 89 h-col-104-page-c8e0caa01bc60655.html 解决方案_北京盈创天地科技有限公司 | 专注视频通讯技术研发 - 北京盈创天地科技有限公司
PAGE 90 h-col-103-page-42eedfec5af87158.html 产品_北京盈创天地科技有限公司 | 专注视频通讯技术研发 - 北京盈创天地科技有限公司
PAGE 91 h-col-103-page-b2f63f485b0b2e12.html 产品_北京盈创天地科技有限公司 | 专注视频通讯技术研发 - 北京盈创天地科技有限公司
PAGE 92 sys-pd/45.html 视频接入网关 - 北京盈创天地科技有限公司
PAGE 93 h-col-103-page-3f7d74a6eadc6fe5.html 产品_北京盈创天地科技有限公司 | 专注视频通讯技术研发 - 北京盈创天地科技有限公司
PAGE 94 sys-pd/44.html 音频广播网关 - 北京盈创天地科技有限公司
PAGE 95 sys-pd/34.html 文字识别 - 北京盈创天地科技有限公司
PAGE 96 sys-pd/36.html 行为识别 - 北京盈创天地科技有限公司
PAGE 97 sys-pd/33.html 仪表识别 - 北京盈创天地科技有限公司
PAGE 98 h-col-103-page-bccf7cb46905dc97.html 产品_北京盈创天地科技有限公司 | 专注视频通讯技术研发 - 北京盈创天地科技有限公司
PAGE 99 sys-pd/47.html 无线集群网关 - 北京盈创天地科技有限公司
PAGE 100 sys-pd/68.html 一体化融合通信指挥箱 - 北京盈创天地科技有限公司
PAGE 101 h-col-132-page-709057c7f2939a76.html 新闻中心_北京盈创天地科技有限公司 | 专注视频通讯技术研发 - 北京盈创天地科技有限公司
PAGE 102 sys-nd/46.html 中国石油集团应急管理系统（E2）工业视频监控联网管理开发 - 北京盈创天地科技有限公司
PAGE 103 sys-nd/45.html 国家管网北京油气调控中心 - 北京盈创天地科技有限公司
PAGE 104 sys-nd/44.html 中国石油炼化分公司可视化指挥调度系统 - 北京盈创天地科技有限公司
PAGE 105 sys-nd/43.html 中国石油危险化学品油气泄漏监测预警系统 - 北京盈创天地科技有限公司
PAGE 106 h-col-132-page-2c00be7df354928e.html 新闻中心_北京盈创天地科技有限公司 | 专注视频通讯技术研发 - 北京盈创天地科技有限公司
PAGE 107 sys-pd/54.html 应急指挥系统 - 北京盈创天地科技有限公司
PAGE 108 sys-pd/61.html 智能盲板管理系统 - 北京盈创天地科技有限公司
PAGE 109 h-col-104-page-dd16784eddede90f.html 解决方案_北京盈创天地科技有限公司 | 专注视频通讯技术研发 - 北京盈创天地科技有限公司
PAGE COLLECTION COMPLETE 109
ASSETS 10 / 833
ASSETS 20 / 833
ASSETS 30 / 833
ASSETS 40 / 833
ASSETS 50 / 833
ASSETS 60 / 849
ASSETS 70 / 880
ASSET FAILED https://33792003.s21i.faiusr.com/76/ABUIg8COEBBMGAAgkdyAyQYouIb4iwM.ttf
ASSETS 80 / 880
ASSET FAILED https://33792003.s21i.faiusr.com/76/ABUIg8COEBBMGAAgkdyAyQYort3i4wM.ttf
ASSETS 90 / 880
ASSETS 100 / 880
ASSETS 110 / 880
ASSETS 120 / 880
ASSETS 130 / 882
ASSETS 140 / 892
ASSETS 150 / 892
ASSETS 160 / 892
ASSETS 170 / 892
ASSETS 180 / 892
ASSETS 190 / 892
ASSETS 200 / 892
ASSETS 210 / 892
ASSETS 220 / 894
ASSETS 230 / 894
ASSETS 240 / 894
ASSETS 250 / 894
ASSETS 260 / 894
ASSETS 270 / 894
ASSETS 280 / 894
ASSETS 290 / 894
ASSETS 300 / 894
ASSETS 310 / 894
ASSETS 320 / 894
ASSETS 330 / 896
ASSETS 340 / 897
ASSETS 350 / 897
ASSETS 360 / 897
ASSETS 370 / 897
ASSETS 380 / 897
ASSETS 390 / 897
ASSETS 400 / 897
ASSETS 410 / 897
ASSETS 420 / 897
ASSETS 430 / 897
ASSETS 440 / 897
ASSETS 450 / 897
ASSETS 460 / 897
ASSETS 470 / 897
ASSETS 480 / 897
ASSETS 490 / 897
ASSETS 500 / 897
ASSETS 510 / 897
ASSETS 520 / 897
ASSETS 530 / 897
ASSETS 540 / 897
ASSETS 550 / 897
ASSETS 560 / 897
ASSETS 570 / 897
ASSETS 580 / 897
ASSET FAILED https://2.ss.508sys.com/css/dist/image/loading/loading_2b.gif?v=201807251417
ASSETS 590 / 897
ASSETS 600 / 897
ASSETS 610 / 897
ASSETS 620 / 897
ASSETS 630 / 897
ASSETS 640 / 897
ASSETS 650 / 897
ASSETS 660 / 897
ASSETS 670 / 897
ASSETS 680 / 897
ASSETS 690 / 897
ASSETS 700 / 897
ASSETS 710 / 897
ASSETS 720 / 897
ASSETS 730 / 897
ASSETS 740 / 897
ASSETS 750 / 897
ASSETS 760 / 897
ASSETS 770 / 897
ASSETS 780 / 897
ASSETS 790 / 897
ASSETS 800 / 897
ASSETS 810 / 897
ASSETS 820 / 897
ASSETS 830 / 897
ASSETS 840 / 897
ASSETS 850 / 897
ASSETS 860 / 897
ASSETS 870 / 897
ASSETS 880 / 897
ASSET FAILED https://2.ss.508sys.com/css/comm/font/2.0.0/VideoJS.eot?
ASSETS 890 / 897
ASSETS 897 / 897
COMPLETE 109 pages 893 assets 4 failures
